// Jest Snapshot v1, https://goo.gl/fbAQLP

exports[`renders correctly 1`] = `
<div
  className="container"
>
  <div
    className="headings"
  >
    <h1
      className="header"
    >
      PepysR
    </h1>
    <h2>
      Register
    </h2>
  </div>
  <form
    className="form"
    onSubmit={[Function]}
  >
    <label
      className="label"
      htmlFor="email"
    >
      Email
    </label>
    <input
      className="input"
      name="email"
      onBlur={[Function]}
      onChange={[Function]}
      onFocus={[Function]}
      placeholder="Email..."
      type="text"
    />
    <label
      className="label"
      htmlFor="Password"
    >
      Password
    </label>
    <input
      className="input"
      name="password"
      onBlur={[Function]}
      onChange={[Function]}
      onFocus={[Function]}
      placeholder="Password..."
      type="password"
    />
    <label
      className="label"
      htmlFor="Password"
    >
      Confirm Password
    </label>
    <input
      className="input"
      name="confirmPassword"
      onBlur={[Function]}
      onChange={[Function]}
      onFocus={[Function]}
      placeholder="Confirm password..."
      type="password"
    />
    <input
      className="button"
      type="submit"
      value="Register"
    />
  </form>
  <p
    className="account-link"
  >
    Already have an account? 
    <a
      href="/"
      onClick={[Function]}
    >
      Sign in
    </a>
  </p>
</div>
`;
